[
{"date":"2010-03-20T13:59:15.075576Z","rate":60000,"inactive":2909,"windows":[{"active":false,"hidden":true,"title":"stats-main.hs (~/darcs/arbtt/src) - GVIM","program":"gvim","desktop":""},{"active":false,"hidden":true,"title":"`ghci' mrtrac@curie:~ ","program":"urxvt","desktop":""},{"active":false,"hidden":true,"title":"`irssi' mrtrac@curie:~ ","program":"urxvt","desktop":""},{"active":true,"hidden":false,"title":"mrtrac@curie:~/darcs/arbtt ","program":"urxvt","desktop":""},{"active":false,"hidden":true,"title":"`mutt' mrtrac@curie:~ ","program":"urxvt","desktop":""},{"active":false,"hidden":true,"title":"HackageDB: network-bytestring-0.1.2.1 - Vimperator","program":"Navigator","desktop":""}],"desktop":""},
{"date":"2010-03-20T14:00:15.157669Z","rate":60000,"inactive":557,"windows":[{"active":false,"hidden":true,"title":"stats-main.hs (~/darcs/arbtt/src) - GVIM","program":"gvim","desktop":""},{"active":false,"hidden":true,"title":"`ghci' mrtrac@curie:~ ","program":"urxvt","desktop":""},{"active":false,"hidden":true,"title":"`irssi' mrtrac@curie:~ ","program":"urxvt","desktop":""},{"active":true,"hidden":false,"title":"mrtrac@curie:~/darcs/arbtt ","program":"urxvt","desktop":""},{"active":false,"hidden":true,"title":"`mutt' mrtrac@curie:~ ","program":"urxvt","desktop":""},{"active":false,"hidden":true,"title":"HackageDB: network-bytestring-0.1.2.1 - Vimperator","program":"Navigator","desktop":""}],"desktop":""},
{"date":"2010-03-20T14:01:15.220521Z","rate":60000,"inactive":58004,"windows":[{"active":false,"hidden":true,"title":"stats-main.hs (~/darcs/arbtt/src) - GVIM","program":"gvim","desktop":""},{"active":false,"hidden":true,"title":"`ghci' mrtrac@curie:~ ","program":"urxvt","desktop":""},{"active":false,"hidden":true,"title":"`irssi' mrtrac@curie:~ ","program":"urxvt","desktop":""},{"active":true,"hidden":false,"title":"mrtrac@curie:~/darcs/arbtt ","program":"urxvt","desktop":""},{"active":false,"hidden":true,"title":"`mutt' mrtrac@curie:~ ","program":"urxvt","desktop":""},{"active":false,"hidden":true,"title":"HackageDB: network-bytestring-0.1.2.1 - Vimperator","program":"Navigator","desktop":""}],"desktop":""}]
