Total time per tag
==================
______Tag_|___Time_|_Percentage_
    arbtt |  3m00s |     100.00
before_14 |  1m00s |      33.33
