Total time per tag
==================
Tag_|___Time_|_Percentage_
 ok |  1m00s |     100.00
